===== INFORMACION DE LA CORRIDA =====
sáb 01 ago 2026 17:44:31 -04
xigpu01
/home/ceph/dmolina/lab2v4
SLURM_JOB_ID=1309672
SLURM_JOB_PARTITION=GPU
SLURM_CPUS_PER_TASK=24
SLURM_JOB_GPUS=0
CUDA_VISIBLE_DEVICES=0

===== GPU Y CUDA =====
GPU 0: NVIDIA A30 (UUID: GPU-3404b858-1ee2-2e76-98be-a539d0b89ebd)
Sat Aug  1 17:44:31 2026       
+-----------------------------------------------------------------------------------------+
| NVIDIA-SMI 580.173.02             Driver Version: 580.173.02     CUDA Version: 13.0     |
+-----------------------------------------+------------------------+----------------------+
| GPU  Name                 Persistence-M | Bus-Id          Disp.A | Volatile Uncorr. ECC |
| Fan  Temp   Perf          Pwr:Usage/Cap |           Memory-Usage | GPU-Util  Compute M. |
|                                         |                        |               MIG M. |
|=========================================+========================+======================|
|   0  NVIDIA A30                     On  |   00000000:81:00.0 Off |                    0 |
| N/A   29C    P0             31W /  165W |       0MiB /  24576MiB |      0%      Default |
|                                         |                        |             Disabled |
+-----------------------------------------+------------------------+----------------------+

+-----------------------------------------------------------------------------------------+
| Processes:                                                                              |
|  GPU   GI   CI              PID   Type   Process name                        GPU Memory |
|        ID   ID                                                               Usage      |
|=========================================================================================|
|  No running processes found                                                             |
+-----------------------------------------------------------------------------------------+
nvcc: NVIDIA (R) Cuda compiler driver
Copyright (c) 2005-2023 NVIDIA Corporation
Built on Mon_Apr__3_17:16:06_PDT_2023
Cuda compilation tools, release 12.1, V12.1.105
Build cuda_12.1.r12.1/compiler.32688072_0

===== COMPILADORES =====
cmake version 3.22.1

CMake suite maintained and supported by Kitware (kitware.com/cmake).
c++ (Ubuntu 11.4.0-1ubuntu1~22.04.3) 11.4.0
Copyright (C) 2021 Free Software Foundation, Inc.
This is free software; see the source for copying conditions.  There is NO
warranty; not even for MERCHANTABILITY or FITNESS FOR A PARTICULAR PURPOSE.


===== CONFIGURACION Y COMPILACION =====
-- The CXX compiler identification is GNU 11.4.0
-- Detecting CXX compiler ABI info
-- Detecting CXX compiler ABI info - done
-- Check for working CXX compiler: /usr/bin/c++ - skipped
-- Detecting CXX compile features
-- Detecting CXX compile features - done
-- Found OpenMP_CXX: -fopenmp (found version "4.5") 
-- Found OpenMP: TRUE (found version "4.5")  
-- Looking for a CUDA compiler
-- Looking for a CUDA compiler - /usr/local/cuda/bin/nvcc
-- The CUDA compiler identification is NVIDIA 12.1.105
-- Detecting CUDA compiler ABI info
-- Detecting CUDA compiler ABI info - done
-- Check for working CUDA compiler: /usr/local/cuda/bin/nvcc - skipped
-- Detecting CUDA compile features
-- Detecting CUDA compile features - done
-- CUDA habilitado (CMAKE_CUDA_ARCHITECTURES=80)
-- The C compiler identification is GNU 11.4.0
-- Detecting C compiler ABI info
-- Detecting C compiler ABI info - done
-- Check for working C compiler: /usr/bin/cc - skipped
-- Detecting C compile features
-- Detecting C compile features - done
-- Found Python3: /usr/bin/python3.10 (found version "3.10.12") found components: Interpreter 
-- Looking for pthread.h
-- Looking for pthread.h - found
-- Performing Test CMAKE_HAVE_LIBC_PTHREAD
-- Performing Test CMAKE_HAVE_LIBC_PTHREAD - Success
-- Found Threads: TRUE  
-- Configuring done
-- Generating done
-- Build files have been written to: /home/ceph/dmolina/lab2v4/build_gpu
[  6%] Building CXX object _deps/googletest-build/googletest/CMakeFiles/gtest.dir/src/gtest-all.cc.o
[  6%] Building CXX object CMakeFiles/nbody_core.dir/src/Benchmark.cpp.o
[ 33%] Building CXX object CMakeFiles/nbody_core.dir/src/Integrator.cpp.o
[ 33%] Building CXX object CMakeFiles/nbody_core.dir/src/MetricsCalculator.cpp.o
[ 33%] Building CXX object CMakeFiles/nbody_core.dir/src/NBodySystem.cpp.o
[ 33%] Building CXX object CMakeFiles/nbody_core.dir/src/Particle.cpp.o
[ 33%] Building CXX object CMakeFiles/nbody_core.dir/src/NBodySimulator.cpp.o
[ 33%] Building CXX object CMakeFiles/nbody_core.dir/src/Visualizer.cpp.o
[ 33%] Building CUDA object CMakeFiles/nbody_core.dir/src/kernels/accelerations.cu.o
[ 33%] Building CUDA object CMakeFiles/nbody_core.dir/src/NBodySystemGpu.cu.o
[ 33%] Building CUDA object CMakeFiles/nbody_core.dir/src/kernels/metrics.cu.o
[ 36%] Linking CXX static library libnbody_core.a
[ 36%] Built target nbody_core
[ 39%] Building CXX object CMakeFiles/nbody_app.dir/src/main.cpp.o
[ 42%] Linking CXX executable nbody_app
[ 42%] Built target nbody_app
[ 45%] Linking CXX static library ../../../lib/libgtest.a
[ 45%] Built target gtest
[ 48%] Building CXX object _deps/googletest-build/googletest/CMakeFiles/gtest_main.dir/src/gtest_main.cc.o
[ 51%] Building CXX object _deps/googletest-build/googlemock/CMakeFiles/gmock.dir/src/gmock-all.cc.o
[ 54%] Linking CXX static library ../../../lib/libgtest_main.a
[ 54%] Built target gtest_main
[ 57%] Building CXX object CMakeFiles/nbody_tests.dir/tests/test_main.cpp.o
[ 78%] Building CXX object CMakeFiles/nbody_tests.dir/tests/test_NbodySimulator.cpp.o
[ 78%] Building CUDA object CMakeFiles/nbody_gpu_tests.dir/tests/test_CudaMemory.cu.o
[ 78%] Building CXX object CMakeFiles/nbody_tests.dir/tests/test_Particle.cpp.o
[ 78%] Building CXX object CMakeFiles/nbody_tests.dir/tests/test_NBodySystem.cpp.o
[ 78%] Building CXX object CMakeFiles/nbody_tests.dir/tests/test_metrics.cpp.o
[ 78%] Building CXX object CMakeFiles/nbody_tests.dir/tests/test_integrator.cpp.o
[ 78%] Building CXX object CMakeFiles/test_benchmark.dir/tests/test_Benchmark.cpp.o
[ 81%] Linking CXX executable test_benchmark
[ 81%] Built target test_benchmark
[ 84%] Linking CXX executable nbody_tests
[ 84%] Built target nbody_tests
[ 87%] Linking CXX static library ../../../lib/libgmock.a
[ 87%] Built target gmock
[ 90%] Building CXX object _deps/googletest-build/googlemock/CMakeFiles/gmock_main.dir/src/gmock_main.cc.o
[ 93%] Linking CXX static library ../../../lib/libgmock_main.a
[ 93%] Built target gmock_main
[ 96%] Linking CUDA device code CMakeFiles/nbody_gpu_tests.dir/cmake_device_link.o
[100%] Linking CXX executable nbody_gpu_tests
[100%] Built target nbody_gpu_tests

===== TESTS CUDA =====
Running main() from /home/ceph/dmolina/lab2v4/build_gpu/_deps/googletest-src/googletest/src/gtest_main.cc
[==========] Running 12 tests from 4 test suites.
[----------] Global test environment set-up.
[----------] 3 tests from CudaBufferTest
[ RUN      ] CudaBufferTest.RoundTripH2DD2H
[       OK ] CudaBufferTest.RoundTripH2DD2H (298 ms)
[ RUN      ] CudaBufferTest.MoveTransfiereLaPropiedad
[       OK ] CudaBufferTest.MoveTransfiereLaPropiedad (0 ms)
[ RUN      ] CudaBufferTest.TransferenciasInvalidasLanzan
[       OK ] CudaBufferTest.TransferenciasInvalidasLanzan (0 ms)
[----------] 3 tests from CudaBufferTest (299 ms total)

[----------] 5 tests from GpuAccelerationsTest
[ RUN      ] GpuAccelerationsTest.CasoAnaliticoDosCuerpos
[       OK ] GpuAccelerationsTest.CasoAnaliticoDosCuerpos (1 ms)
[ RUN      ] GpuAccelerationsTest.ConsistenciaCpuVsGpuSeedFija
[       OK ] GpuAccelerationsTest.ConsistenciaCpuVsGpuSeedFija (1 ms)
[ RUN      ] GpuAccelerationsTest.BasicaVsSharedCoinciden
[       OK ] GpuAccelerationsTest.BasicaVsSharedCoinciden (0 ms)
[ RUN      ] GpuAccelerationsTest.IndependienteDelBlockSize
[       OK ] GpuAccelerationsTest.IndependienteDelBlockSize (5 ms)
[ RUN      ] GpuAccelerationsTest.ParametrosInvalidosLanzan
[       OK ] GpuAccelerationsTest.ParametrosInvalidosLanzan (0 ms)
[----------] 5 tests from GpuAccelerationsTest (9 ms total)

[----------] 1 test from GpuIntegrationTest
[ RUN      ] GpuIntegrationTest.StepEulerGpuCoincideConSerial
[       OK ] GpuIntegrationTest.StepEulerGpuCoincideConSerial (2 ms)
[----------] 1 test from GpuIntegrationTest (2 ms total)

[----------] 3 tests from GpuEnergyTest
[ RUN      ] GpuEnergyTest.ReduccionYAtomicCoincidenConCpu
[       OK ] GpuEnergyTest.ReduccionYAtomicCoincidenConCpu (0 ms)
[ RUN      ] GpuEnergyTest.MetodoInvalidoLanzaExcepcion
[       OK ] GpuEnergyTest.MetodoInvalidoLanzaExcepcion (0 ms)
[ RUN      ] GpuEnergyTest.UnCuerpoTienePotencialCero
[       OK ] GpuEnergyTest.UnCuerpoTienePotencialCero (0 ms)
[----------] 3 tests from GpuEnergyTest (1 ms total)

[----------] Global test environment tear-down
[==========] 12 tests from 4 test suites ran. (312 ms total)
[  PASSED  ] 12 tests.

===== SUITE COMPLETA =====
Internal ctest changing into directory: /home/ceph/dmolina/lab2v4/build_gpu
Test project /home/ceph/dmolina/lab2v4/build_gpu
      Start  1: NBodySimulatorIntegrationTest.ConsistencyOfAllEulerVariants
 1/37 Test  #1: NBodySimulatorIntegrationTest.ConsistencyOfAllEulerVariants ...   Passed    0.01 sec
      Start  2: NBodySimulatorIntegrationTest.ConsistencyOfSyncVariants
 2/37 Test  #2: NBodySimulatorIntegrationTest.ConsistencyOfSyncVariants .......   Passed    0.01 sec
      Start  3: NBodySimulatorIntegrationTest.LinearMomentumConservation
 3/37 Test  #3: NBodySimulatorIntegrationTest.LinearMomentumConservation ......   Passed    0.01 sec
      Start  4: NBodySimulatorIntegrationTest.AdvancedOpenMPPhases
 4/37 Test  #4: NBodySimulatorIntegrationTest.AdvancedOpenMPPhases ............   Passed    0.01 sec
      Start  5: NBodySimulatorIntegrationTest.AdvancedOpenMPClausulas
 5/37 Test  #5: NBodySimulatorIntegrationTest.AdvancedOpenMPClausulas .........   Passed    0.01 sec
      Start  6: NBodyPhysicsTest.AnalyticalTwoBody
 6/37 Test  #6: NBodyPhysicsTest.AnalyticalTwoBody ............................   Passed    0.00 sec
      Start  7: NBodyPhysicsTest.ActionReaction
 7/37 Test  #7: NBodyPhysicsTest.ActionReaction ...............................   Passed    0.00 sec
      Start  8: NBodyPhysicsTest.ZeroAccelerations
 8/37 Test  #8: NBodyPhysicsTest.ZeroAccelerations ............................   Passed    0.00 sec
      Start  9: NBodyPhysicsTest.AnalyticalThreeBody
 9/37 Test  #9: NBodyPhysicsTest.AnalyticalThreeBody ..........................   Passed    0.01 sec
      Start 10: NBodyPhysicsTest.RegressionMassSensitivity
10/37 Test #10: NBodyPhysicsTest.RegressionMassSensitivity ....................   Passed    0.00 sec
      Start 11: NBodyIntegrationTest.ConsistencySerialVsParallel
11/37 Test #11: NBodyIntegrationTest.ConsistencySerialVsParallel ..............   Passed    0.02 sec
      Start 12: ParticleTest.Constructor
12/37 Test #12: ParticleTest.Constructor ......................................   Passed    0.00 sec
      Start 13: ParticleTest.AccelerationMethods
13/37 Test #13: ParticleTest.AccelerationMethods ..............................   Passed    0.00 sec
      Start 14: ParticleTest.KickMethod
14/37 Test #14: ParticleTest.KickMethod .......................................   Passed    0.00 sec
      Start 15: ParticleTest.DriftMethod
15/37 Test #15: ParticleTest.DriftMethod ......................................   Passed    0.00 sec
      Start 16: ParticleTest.NonNegativeMass
16/37 Test #16: ParticleTest.NonNegativeMass ..................................   Passed    0.01 sec
      Start 17: MetricsTest.KineticEnergySimple
17/37 Test #17: MetricsTest.KineticEnergySimple ...............................   Passed    0.00 sec
      Start 18: MetricsTest.PotentialEnergySimple
18/37 Test #18: MetricsTest.PotentialEnergySimple .............................   Passed    0.00 sec
      Start 19: MetricsTest.LinearMomentum
19/37 Test #19: MetricsTest.LinearMomentum ....................................   Passed    0.00 sec
      Start 20: MetricsTest.CenterOfMass
20/37 Test #20: MetricsTest.CenterOfMass ......................................   Passed    0.01 sec
      Start 21: MetricsTest.ParallelConsistency
21/37 Test #21: MetricsTest.ParallelConsistency ...............................   Passed    0.01 sec
      Start 22: IntegratorTest.HistorySize
22/37 Test #22: IntegratorTest.HistorySize ....................................   Passed    0.00 sec
      Start 23: IntegratorTest.TrajectoryConsistency
23/37 Test #23: IntegratorTest.TrajectoryConsistency ..........................   Passed    0.01 sec
      Start 24: IntegratorTest.EnergyRecording
24/37 Test #24: IntegratorTest.EnergyRecording ................................   Passed    0.00 sec
      Start 25: CudaBufferTest.RoundTripH2DD2H
25/37 Test #25: CudaBufferTest.RoundTripH2DD2H ................................   Passed    0.42 sec
      Start 26: CudaBufferTest.MoveTransfiereLaPropiedad
26/37 Test #26: CudaBufferTest.MoveTransfiereLaPropiedad ......................   Passed    0.42 sec
      Start 27: CudaBufferTest.TransferenciasInvalidasLanzan
27/37 Test #27: CudaBufferTest.TransferenciasInvalidasLanzan ..................   Passed    0.42 sec
      Start 28: GpuAccelerationsTest.CasoAnaliticoDosCuerpos
28/37 Test #28: GpuAccelerationsTest.CasoAnaliticoDosCuerpos ..................   Passed    0.40 sec
      Start 29: GpuAccelerationsTest.ConsistenciaCpuVsGpuSeedFija
29/37 Test #29: GpuAccelerationsTest.ConsistenciaCpuVsGpuSeedFija .............   Passed    0.42 sec
      Start 30: GpuAccelerationsTest.BasicaVsSharedCoinciden
30/37 Test #30: GpuAccelerationsTest.BasicaVsSharedCoinciden ..................   Passed    0.42 sec
      Start 31: GpuAccelerationsTest.IndependienteDelBlockSize
31/37 Test #31: GpuAccelerationsTest.IndependienteDelBlockSize ................   Passed    0.43 sec
      Start 32: GpuAccelerationsTest.ParametrosInvalidosLanzan
32/37 Test #32: GpuAccelerationsTest.ParametrosInvalidosLanzan ................   Passed    0.42 sec
      Start 33: GpuIntegrationTest.StepEulerGpuCoincideConSerial
33/37 Test #33: GpuIntegrationTest.StepEulerGpuCoincideConSerial ..............   Passed    0.42 sec
      Start 34: GpuEnergyTest.ReduccionYAtomicCoincidenConCpu
34/37 Test #34: GpuEnergyTest.ReduccionYAtomicCoincidenConCpu .................   Passed    0.42 sec
      Start 35: GpuEnergyTest.MetodoInvalidoLanzaExcepcion
35/37 Test #35: GpuEnergyTest.MetodoInvalidoLanzaExcepcion ....................   Passed    0.01 sec
      Start 36: GpuEnergyTest.UnCuerpoTienePotencialCero
36/37 Test #36: GpuEnergyTest.UnCuerpoTienePotencialCero ......................   Passed    0.42 sec
      Start 37: test_benchmark
37/37 Test #37: test_benchmark ................................................   Passed   36.22 sec

100% tests passed, 0 tests failed out of 37

Total Test time (real) =  40.99 sec

===== BENCHMARKS =====
=== INICIANDO BENCHMARKS N-BODY ===
Parámetros:
  N (partículas): 1000
  Repeticiones: 10
  Seed: 42
OpenMP:
  omp_get_max_threads(): 24
  omp_get_num_procs(): 24

[Benchmark] N=1000  rep=10
[Benchmark] 1. Schedules...
[Benchmark] 2. Sincronizacion...
[Benchmark] 3. Clausulas de datos...
[Benchmark] 4. Sincronizacion avanzada...
[Benchmark] 5. Escalabilidad...
[Benchmark] f (Amdahl) = 0.0281933 (threads 1..24)
[Benchmark] 6. Fraccion serial (instrumentacion explicita)...
  p=1  f_measured=0.000468247  f_amdahl=0.0281933  overhead=0.0231234 s
  p=2  f_measured=0.000467223  f_amdahl=0.0281933  overhead=0.0231406 s
  p=3  f_measured=0.000466743  f_amdahl=0.0281933  overhead=0.0231809 s
  p=4  f_measured=0.000465924  f_amdahl=0.0281933  overhead=0.0231606 s
  p=5  f_measured=0.000465864  f_amdahl=0.0281933  overhead=0.0231605 s
  p=6  f_measured=0.000468183  f_amdahl=0.0281933  overhead=0.0231635 s
  p=7  f_measured=0.000466647  f_amdahl=0.0281933  overhead=0.0231373 s
  p=8  f_measured=0.000470041  f_amdahl=0.0281933  overhead=0.023212 s
  p=9  f_measured=0.000467576  f_amdahl=0.0281933  overhead=0.0231709 s
  p=10  f_measured=0.00046633  f_amdahl=0.0281933  overhead=0.0231608 s
  p=11  f_measured=0.000466728  f_amdahl=0.0281933  overhead=0.0231952 s
  p=12  f_measured=0.000491923  f_amdahl=0.0281933  overhead=0.0231511 s
  p=13  f_measured=0.00046772  f_amdahl=0.0281933  overhead=0.0231337 s
  p=14  f_measured=0.000467987  f_amdahl=0.0281933  overhead=0.0231576 s
  p=15  f_measured=0.000466904  f_amdahl=0.0281933  overhead=0.0232404 s
  p=16  f_measured=0.000467234  f_amdahl=0.0281933  overhead=0.0231606 s
  p=17  f_measured=0.00046657  f_amdahl=0.0281933  overhead=0.023127 s
  p=18  f_measured=0.000469714  f_amdahl=0.0281933  overhead=0.0231899 s
  p=19  f_measured=0.000465703  f_amdahl=0.0281933  overhead=0.0231573 s
  p=20  f_measured=0.000467447  f_amdahl=0.0281933  overhead=0.0231778 s
  p=21  f_measured=0.00046664  f_amdahl=0.0281933  overhead=0.0231361 s
  p=22  f_measured=0.000467531  f_amdahl=0.0281933  overhead=0.0231387 s
  p=23  f_measured=0.000467011  f_amdahl=0.0281933  overhead=0.0231373 s
  p=24  f_measured=0.000467219  f_amdahl=0.0281933  overhead=0.0231418 s
[Benchmark] benchmark_results guardados en benchmark_results.dat
[Benchmark] scaling_analysis guardado en scaling_analysis.dat
[Benchmark] Finalizado.
[Benchmark] CUDA: matriz N, variante y blockDim.x...
  N = 256
    variant=0 block=64 kernel=0.000103998 s e2e/step=0.000116945 s
    variant=0 block=128 kernel=6.84873e-05 s e2e/step=0.000106648 s
    variant=0 block=256 kernel=7.11145e-05 s e2e/step=0.000109347 s
    variant=0 block=512 kernel=7.16785e-05 s e2e/step=0.000110464 s
    variant=0 block=1024 kernel=7.16586e-05 s e2e/step=0.00011047 s
    variant=1 block=64 kernel=6.39833e-05 s e2e/step=0.000102893 s
    variant=1 block=128 kernel=6.30983e-05 s e2e/step=0.000102178 s
    variant=1 block=256 kernel=6.94536e-05 s e2e/step=0.000108335 s
    variant=1 block=512 kernel=7.86379e-05 s e2e/step=0.000117481 s
    variant=1 block=1024 kernel=9.67103e-05 s e2e/step=0.000135659 s
  N = 512
    variant=0 block=64 kernel=0.000148059 s e2e/step=0.000175543 s
    variant=0 block=128 kernel=0.000126231 s e2e/step=0.000172199 s
    variant=0 block=256 kernel=0.000136243 s e2e/step=0.000182479 s
    variant=0 block=512 kernel=0.000172879 s e2e/step=0.000217347 s
    variant=0 block=1024 kernel=0.000172826 s e2e/step=0.000217398 s
    variant=1 block=64 kernel=0.000117645 s e2e/step=0.000162193 s
    variant=1 block=128 kernel=0.000116424 s e2e/step=0.000160847 s
    variant=1 block=256 kernel=0.000129165 s e2e/step=0.000173544 s
    variant=1 block=512 kernel=0.000169317 s e2e/step=0.000213655 s
    variant=1 block=1024 kernel=0.000188893 s e2e/step=0.000233549 s
  N = 1024
    variant=0 block=64 kernel=0.00031399 s e2e/step=0.00030691 s
    variant=0 block=128 kernel=0.000247942 s e2e/step=0.000304181 s
    variant=0 block=256 kernel=0.000264181 s e2e/step=0.000321317 s
    variant=0 block=512 kernel=0.000342351 s e2e/step=0.000400229 s
    variant=0 block=1024 kernel=0.000621917 s e2e/step=0.000676615 s
    variant=1 block=64 kernel=0.000224831 s e2e/step=0.000279595 s
    variant=1 block=128 kernel=0.000222159 s e2e/step=0.000277085 s
    variant=1 block=256 kernel=0.000250376 s e2e/step=0.000305101 s
    variant=1 block=512 kernel=0.000328333 s e2e/step=0.000382958 s
    variant=1 block=1024 kernel=0.000621716 s e2e/step=0.000676763 s
  N = 2000
    variant=0 block=64 kernel=0.000539641 s e2e/step=0.000553831 s
    variant=0 block=128 kernel=0.000481835 s e2e/step=0.000557253 s
    variant=0 block=256 kernel=0.000522583 s e2e/step=0.000598581 s
    variant=0 block=512 kernel=0.000666138 s e2e/step=0.000744653 s
    variant=0 block=1024 kernel=0.00119296 s e2e/step=0.00126797 s
    variant=1 block=64 kernel=0.000431484 s e2e/step=0.000506412 s
    variant=1 block=128 kernel=0.000426301 s e2e/step=0.000501124 s
    variant=1 block=256 kernel=0.000483687 s e2e/step=0.00055902 s
    variant=1 block=512 kernel=0.000637482 s e2e/step=0.000712382 s
    variant=1 block=1024 kernel=0.00120851 s e2e/step=0.00128343 s
[Benchmark] blockdim_study.dat generado.
[Benchmark] combinaciones validas: 40
[Benchmark] combinaciones omitidas: 0
[Visualizer] Generando salidas físicas...
[Visualizer] N=1000  steps=500  sample_every=10
[Visualizer] Archivos generados:
  - snapshots.dat
  - energy_timeseries.dat
[Visualizer] Finalizado.

=== EJECUCIÓN COMPLETADA ===
Archivos generados:
  - benchmark_results.dat
  - scaling_analysis.dat
  - snapshots.dat
  - energy_timeseries.dat
  - blockdim_study.dat

===== COPIA DE RESULTADOS =====
Combinaciones CUDA registradas: 40

===== ARCHIVOS GENERADOS =====
total 1,9M
-rw-r--r-- 1 dmolina sdp12026 2,1K ago  1 17:51 benchmark_results.dat
-rw-r--r-- 1 dmolina sdp12026 9,7K ago  1 17:51 blockdim_study.dat
-rw-r--r-- 1 dmolina sdp12026  22K ago  1 16:45 cluster_run-1309619.log
-rw-r--r-- 1 dmolina sdp12026  20K ago  1 16:57 cluster_run-1309671.log
-rw-r--r-- 1 dmolina sdp12026  21K ago  1 17:51 cluster_run-1309672.log
-rw-r--r-- 1 dmolina sdp12026 5,5K ago  1 17:51 energy_timeseries.dat
-rw-r--r-- 1 dmolina sdp12026  22K ago  1 16:45 plot.py
-rw-r--r-- 1 dmolina sdp12026 3,5K ago  1 17:51 scaling_analysis.dat
-rw-r--r-- 1 dmolina sdp12026 1,8M ago  1 17:51 snapshots.dat

===== FIN =====
sáb 01 ago 2026 17:51:34 -04
